// Jest Snapshot v1, https://goo.gl/fbAQLP

exports[`colors list renders color list 1`] = `<ul />`;
