// Jest Snapshot v1, https://goo.gl/fbAQLP

exports[`photo component renders photo 1`] = `
<div>
  <img />
</div>
`;
