// Jest Snapshot v1, https://goo.gl/fbAQLP

exports[`sidebar component renders the sidebar 1`] = `
<nav>
  <p>
    Stuff
  </p>
</nav>
`;
